// Jest Snapshot v1, https://goo.gl/fbAQLP

exports[`renders homepage unchanged 1`] = `
<div>
  <div
    class="Body"
    data-testid="Body"
  >
    <div
      class="BodyWidth"
    >
      <div
        class="BodyFlex"
      >
        <div
          class="Score"
        >
          0
           / 25
        </div>
        <div
          class="MainCard"
        />
        <div
          class="SmallCardDock"
        >
          <div
            class="SmallCardContainer"
          >
            <div
              class="SmallCard"
            />
          </div>
          <div
            class="SmallCardContainer"
          >
            <div
              class="SmallCard"
            />
          </div>
          <div
            class="SmallCardContainer"
          >
            <div
              class="SmallCard"
            />
          </div>
          <div
            class="SmallCardContainer"
          >
            <div
              class="SmallCard"
            />
          </div>
          <div
            class="SmallCardContainer"
          >
            <div
              class="SmallCard"
            />
          </div>
        </div>
      </div>
      <div
        class="Footer"
      >
        <div
          class="FooterText"
        >
          <div
            class="Date"
          >
            January 4, 2023
          </div>
          <div
            class="TimerCount"
          >
            18 sec
          </div>
        </div>
        <div
          class="TimerBar"
        >
          <div
            class="TimerProgress"
          />
        </div>
      </div>
    </div>
  </div>
</div>
`;
